// Vitest Snapshot v1, https://vitest.dev/guide/snapshot.html

exports[`charmaps > hole indices snapshot 1`] = `
{
  "cp874": [
    129,
    130,
    131,
    132,
    134,
    135,
    136,
    137,
    138,
    139,
    140,
    141,
    142,
    143,
    144,
    152,
    153,
    154,
    155,
    156,
    157,
    158,
    159,
    219,
    220,
    221,
    222,
    252,
    253,
    254,
    255,
  ],
  "iso-8859-11": [
    219,
    220,
    221,
    222,
    252,
    253,
    254,
    255,
  ],
  "iso-8859-3": [
    165,
    174,
    190,
    195,
    208,
    227,
    240,
  ],
  "iso-8859-6": [
    161,
    162,
    163,
    165,
    166,
    167,
    168,
    169,
    170,
    171,
    174,
    175,
    176,
    177,
    178,
    179,
    180,
    181,
    182,
    183,
    184,
    185,
    186,
    188,
    189,
    190,
    192,
    219,
    220,
    221,
    222,
    223,
    243,
    244,
    245,
    246,
    247,
    248,
    249,
    250,
    251,
    252,
    253,
    254,
    255,
  ],
  "iso-8859-7": [
    174,
    210,
    255,
  ],
  "iso-8859-8": [
    161,
    191,
    192,
    193,
    194,
    195,
    196,
    197,
    198,
    199,
    200,
    201,
    202,
    203,
    204,
    205,
    206,
    207,
    208,
    209,
    210,
    211,
    212,
    213,
    214,
    215,
    216,
    217,
    218,
    219,
    220,
    221,
    222,
    251,
    252,
    255,
  ],
  "windows-1250": [
    129,
    131,
    136,
    144,
    152,
  ],
  "windows-1251": [
    152,
  ],
  "windows-1252": [
    129,
    141,
    143,
    144,
    157,
  ],
  "windows-1253": [
    129,
    136,
    138,
    140,
    141,
    142,
    143,
    144,
    152,
    154,
    156,
    157,
    158,
    159,
    170,
    210,
    255,
  ],
  "windows-1254": [
    129,
    141,
    142,
    143,
    144,
    157,
    158,
  ],
  "windows-1255": [
    129,
    138,
    140,
    141,
    142,
    143,
    144,
    154,
    156,
    157,
    158,
    159,
    202,
    217,
    218,
    219,
    220,
    221,
    222,
    223,
    251,
    252,
    255,
  ],
  "windows-1257": [
    129,
    131,
    136,
    138,
    140,
    144,
    152,
    154,
    156,
    159,
    161,
    165,
  ],
  "windows-1258": [
    129,
    138,
    141,
    142,
    143,
    144,
    154,
    157,
    158,
  ],
}
`;

exports[`utf8-clues / mojibake-categories > clue and category key sets 1`] = `
[
  "utf8_first_of_2",
  "utf8_first_of_3",
  "utf8_first_of_4",
  "utf8_continuation",
  "utf8_continuation_strict",
]
`;

exports[`utf8-clues / mojibake-categories > clue and category key sets 2`] = `
[
  "common",
  "c1",
  "bad",
  "law",
  "currency",
  "start_punctuation",
  "end_punctuation",
  "numeric",
  "kaomoji",
  "upper_accented",
  "lower_accented",
  "upper_common",
  "lower_common",
  "box",
]
`;
